// Jest Snapshot v1, https://goo.gl/fbAQLP

exports[`Validation should extract gql snippet from javascript file 1`] = `
Object {
  "definitions": Array [
    Object {
      "directives": Array [],
      "kind": "OperationDefinition",
      "loc": Object {
        "end": 110,
        "start": 4,
      },
      "name": Object {
        "kind": "Name",
        "loc": Object {
          "end": 24,
          "start": 10,
        },
        "value": "HeroAndFriends",
      },
      "operation": "query",
      "selectionSet": Object {
        "kind": "SelectionSet",
        "loc": Object {
          "end": 110,
          "start": 44,
        },
        "selections": Array [
          Object {
            "alias": undefined,
            "arguments": Array [
              Object {
                "kind": "Argument",
                "loc": Object {
                  "end": 73,
                  "start": 56,
                },
                "name": Object {
                  "kind": "Name",
                  "loc": Object {
                    "end": 63,
                    "start": 56,
                  },
                  "value": "episode",
                },
                "value": Object {
                  "kind": "Variable",
                  "loc": Object {
                    "end": 73,
                    "start": 65,
                  },
                  "name": Object {
                    "kind": "Name",
                    "loc": Object {
                      "end": 73,
                      "start": 66,
                    },
                    "value": "episode",
                  },
                },
              },
            ],
            "directives": Array [],
            "kind": "Field",
            "loc": Object {
              "end": 105,
              "start": 51,
            },
            "name": Object {
              "kind": "Name",
              "loc": Object {
                "end": 55,
                "start": 51,
              },
              "value": "hero",
            },
            "selectionSet": Object {
              "kind": "SelectionSet",
              "loc": Object {
                "end": 105,
                "start": 75,
              },
              "selections": Array [
                Object {
                  "directives": Array [],
                  "kind": "FragmentSpread",
                  "loc": Object {
                    "end": 98,
                    "start": 84,
                  },
                  "name": Object {
                    "kind": "Name",
                    "loc": Object {
                      "end": 98,
                      "start": 87,
                    },
                    "value": "heroDetails",
                  },
                },
              ],
            },
          },
        ],
      },
      "variableDefinitions": Array [
        Object {
          "defaultValue": undefined,
          "directives": Array [],
          "kind": "VariableDefinition",
          "loc": Object {
            "end": 42,
            "start": 25,
          },
          "type": Object {
            "kind": "NamedType",
            "loc": Object {
              "end": 42,
              "start": 35,
            },
            "name": Object {
              "kind": "Name",
              "loc": Object {
                "end": 42,
                "start": 35,
              },
              "value": "Episode",
            },
          },
          "variable": Object {
            "kind": "Variable",
            "loc": Object {
              "end": 33,
              "start": 25,
            },
            "name": Object {
              "kind": "Name",
              "loc": Object {
                "end": 33,
                "start": 26,
              },
              "value": "episode",
            },
          },
        },
      ],
    },
    Object {
      "directives": Array [],
      "kind": "FragmentDefinition",
      "loc": Object {
        "end": 257,
        "start": 116,
      },
      "name": Object {
        "kind": "Name",
        "loc": Object {
          "end": 136,
          "start": 125,
        },
        "value": "heroDetails",
      },
      "selectionSet": Object {
        "kind": "SelectionSet",
        "loc": Object {
          "end": 257,
          "start": 150,
        },
        "selections": Array [
          Object {
            "alias": undefined,
            "arguments": Array [],
            "directives": Array [],
            "kind": "Field",
            "loc": Object {
              "end": 161,
              "start": 157,
            },
            "name": Object {
              "kind": "Name",
              "loc": Object {
                "end": 161,
                "start": 157,
              },
              "value": "name",
            },
            "selectionSet": undefined,
          },
          Object {
            "directives": Array [],
            "kind": "InlineFragment",
            "loc": Object {
              "end": 211,
              "start": 167,
            },
            "selectionSet": Object {
              "kind": "SelectionSet",
              "loc": Object {
                "end": 211,
                "start": 180,
              },
              "selections": Array [
                Object {
                  "alias": undefined,
                  "arguments": Array [],
                  "directives": Array [],
                  "kind": "Field",
                  "loc": Object {
                    "end": 204,
                    "start": 189,
                  },
                  "name": Object {
                    "kind": "Name",
                    "loc": Object {
                      "end": 204,
                      "start": 189,
                    },
                    "value": "primaryFunction",
                  },
                  "selectionSet": undefined,
                },
              ],
            },
            "typeCondition": Object {
              "kind": "NamedType",
              "loc": Object {
                "end": 179,
                "start": 174,
              },
              "name": Object {
                "kind": "Name",
                "loc": Object {
                  "end": 179,
                  "start": 174,
                },
                "value": "Droid",
              },
            },
          },
          Object {
            "directives": Array [],
            "kind": "InlineFragment",
            "loc": Object {
              "end": 252,
              "start": 217,
            },
            "selectionSet": Object {
              "kind": "SelectionSet",
              "loc": Object {
                "end": 252,
                "start": 230,
              },
              "selections": Array [
                Object {
                  "alias": undefined,
                  "arguments": Array [],
                  "directives": Array [],
                  "kind": "Field",
                  "loc": Object {
                    "end": 245,
                    "start": 239,
                  },
                  "name": Object {
                    "kind": "Name",
                    "loc": Object {
                      "end": 245,
                      "start": 239,
                    },
                    "value": "height",
                  },
                  "selectionSet": undefined,
                },
              ],
            },
            "typeCondition": Object {
              "kind": "NamedType",
              "loc": Object {
                "end": 229,
                "start": 224,
              },
              "name": Object {
                "kind": "Name",
                "loc": Object {
                  "end": 229,
                  "start": 224,
                },
                "value": "Human",
              },
            },
          },
        ],
      },
      "typeCondition": Object {
        "kind": "NamedType",
        "loc": Object {
          "end": 149,
          "start": 140,
        },
        "name": Object {
          "kind": "Name",
          "loc": Object {
            "end": 149,
            "start": 140,
          },
          "value": "Character",
        },
      },
    },
    Object {
      "directives": Array [],
      "kind": "OperationDefinition",
      "loc": Object {
        "end": 322,
        "start": 270,
      },
      "name": Object {
        "kind": "Name",
        "loc": Object {
          "end": 284,
          "start": 276,
        },
        "value": "HeroName",
      },
      "operation": "query",
      "selectionSet": Object {
        "kind": "SelectionSet",
        "loc": Object {
          "end": 322,
          "start": 285,
        },
        "selections": Array [
          Object {
            "alias": undefined,
            "arguments": Array [],
            "directives": Array [],
            "kind": "Field",
            "loc": Object {
              "end": 317,
              "start": 292,
            },
            "name": Object {
              "kind": "Name",
              "loc": Object {
                "end": 296,
                "start": 292,
              },
              "value": "hero",
            },
            "selectionSet": Object {
              "kind": "SelectionSet",
              "loc": Object {
                "end": 317,
                "start": 297,
              },
              "selections": Array [
                Object {
                  "alias": undefined,
                  "arguments": Array [],
                  "directives": Array [],
                  "kind": "Field",
                  "loc": Object {
                    "end": 310,
                    "start": 306,
                  },
                  "name": Object {
                    "kind": "Name",
                    "loc": Object {
                      "end": 310,
                      "start": 306,
                    },
                    "value": "name",
                  },
                  "selectionSet": undefined,
                },
              ],
            },
          },
        ],
      },
      "variableDefinitions": Array [],
    },
  ],
  "kind": "Document",
}
`;

exports[`Validation should throw a helpful message when a file has invalid gql snippets 1`] = `
"Could not parse graphql operations in test\\\\fixtures\\\\misc\\\\invalid-gqlQueries.js
  Failed on : world and other words"
`;
