// Jest Snapshot v1, https://goo.gl/fbAQLP

exports[`codegen add tests - Android Adding codegen works as expected 1`] = `
"projects:
  addcodegenandroidf0e:
    schemaPath: app/src/main/graphql/schema.json
    includes:
      - app/src/main/graphql/**/*.graphql
    excludes:
      - ./amplify/**
    extensions:
      amplify:
        codeGenTarget: ''
        generatedFileName: ''
        docsFilePath: app/src/main/graphql/com/amazonaws/amplify/generated/graphql
        region: us-west-2
        apiId: null
        maxDepth: 2
"
`;
