// Jest Snapshot v1, https://goo.gl/fbAQLP

exports[`codegen configure tests - JS Updating codegen configuration works as expected 1`] = `
"projects:
  configurecodegenjsf0:
    schemaPath: amplify/backend/api/configurecodegenjsf0/build/schema.graphql
    includes:
      - src/graphql/**/*.js
    excludes:
      - ./amplify/**
    extensions:
      amplify:
        codeGenTarget: javascript
        generatedFileName: ''
        docsFilePath: src/graphql
        region: us-west-2
        apiId: null
        maxDepth: 4
extensions:
  amplify:
    version: 3
"
`;
