// Jest Snapshot v1, https://goo.gl/fbAQLP

exports[`Amplify push with codegen tests - JS should prompt codegen add/update and not delete user files 1`] = `
"projects:
  pushcodegenjsf0e6857:
    schemaPath: src/graphql/schema.json
    includes:
      - src/graphql/**/*.js
    excludes:
      - ./amplify/**
    extensions:
      amplify:
        codeGenTarget: javascript
        generatedFileName: ''
        docsFilePath: src/graphql
"
`;
