// Jest Snapshot v1, https://goo.gl/fbAQLP

exports[`Amplify push with codegen tests - iOS should prompt codegen add/update and not delete user files 1`] = `
"projects:
  pushcodegeniosf0e685:
    schemaPath: graphql/schema.json
    includes:
      - graphql/**/*.graphql
    excludes:
      - ./amplify/**
    extensions:
      amplify:
        codeGenTarget: swift
        generatedFileName: API.swift
        docsFilePath: graphql
"
`;
