// Jest Snapshot v1, https://goo.gl/fbAQLP

exports[`command - types (mock fs) should generate types for javascript - angular 1`] = `"src/app/API.service.ts"`;

exports[`command - types (mock fs) should generate types for javascript - flow 1`] = `"src/API.js"`;

exports[`command - types (mock fs) should generate types for javascript - typescript 1`] = `"src/API.ts"`;

exports[`command - types (mock fs) should generate types for swift - swift 1`] = `"API.swift"`;

exports[`command - types (mock fs) should not generate types when target is javascript 1`] = `
Array [
  "graphql",
]
`;
