// Jest Snapshot v1, https://goo.gl/fbAQLP

exports[`maps statementsTargetToFileExtensionMap 1`] = `
Object {
  "angular": "graphql",
  "flow": "js",
  "graphql": "graphql",
  "javascript": "js",
  "typescript": "ts",
}
`;
