// Jest Snapshot v1, https://goo.gl/fbAQLP

exports[`Metadata visitor for custom PK support relation metadata for hasMany & belongsTo when custom PK is enabled should generate correct metadata in js 1`] = `
"export const schema = {
    \\"models\\": {
        \\"Post\\": {
            \\"name\\": \\"Post\\",
            \\"fields\\": {
                \\"customPostId\\": {
                    \\"name\\": \\"customPostId\\",
                    \\"isArray\\": false,
                    \\"type\\": \\"ID\\",
                    \\"isRequired\\": true,
                    \\"attributes\\": []
                },
                \\"title\\": {
                    \\"name\\": \\"title\\",
                    \\"isArray\\": false,
                    \\"type\\": \\"String\\",
                    \\"isRequired\\": true,
                    \\"attributes\\": []
                },
                \\"comments\\": {
                    \\"name\\": \\"comments\\",
                    \\"isArray\\": true,
                    \\"type\\": {
                        \\"model\\": \\"Comment\\"
                    },
                    \\"isRequired\\": false,
                    \\"attributes\\": [],
                    \\"isArrayNullable\\": true,
                    \\"association\\": {
                        \\"connectionType\\": \\"HAS_MANY\\",
                        \\"associatedWith\\": \\"postCommentsCustomPostId\\"
                    }
                },
                \\"createdAt\\": {
                    \\"name\\": \\"createdAt\\",
                    \\"isArray\\": false,
                    \\"type\\": \\"AWSDateTime\\",
                    \\"isRequired\\": false,
                    \\"attributes\\": [],
                    \\"isReadOnly\\": true
                },
                \\"updatedAt\\": {
                    \\"name\\": \\"updatedAt\\",
                    \\"isArray\\": false,
                    \\"type\\": \\"AWSDateTime\\",
                    \\"isRequired\\": false,
                    \\"attributes\\": [],
                    \\"isReadOnly\\": true
                }
            },
            \\"syncable\\": true,
            \\"pluralName\\": \\"Posts\\",
            \\"attributes\\": [
                {
                    \\"type\\": \\"model\\",
                    \\"properties\\": {}
                },
                {
                    \\"type\\": \\"key\\",
                    \\"properties\\": {
                        \\"fields\\": [
                            \\"customPostId\\",
                            \\"title\\"
                        ]
                    }
                }
            ]
        },
        \\"Comment\\": {
            \\"name\\": \\"Comment\\",
            \\"fields\\": {
                \\"customCommentId\\": {
                    \\"name\\": \\"customCommentId\\",
                    \\"isArray\\": false,
                    \\"type\\": \\"ID\\",
                    \\"isRequired\\": true,
                    \\"attributes\\": []
                },
                \\"content\\": {
                    \\"name\\": \\"content\\",
                    \\"isArray\\": false,
                    \\"type\\": \\"String\\",
                    \\"isRequired\\": true,
                    \\"attributes\\": []
                },
                \\"post\\": {
                    \\"name\\": \\"post\\",
                    \\"isArray\\": false,
                    \\"type\\": {
                        \\"model\\": \\"Post\\"
                    },
                    \\"isRequired\\": false,
                    \\"attributes\\": [],
                    \\"association\\": {
                        \\"connectionType\\": \\"BELONGS_TO\\",
                        \\"targetNames\\": [
                            \\"postCommentsCustomPostId\\",
                            \\"postCommentsTitle\\"
                        ]
                    }
                },
                \\"createdAt\\": {
                    \\"name\\": \\"createdAt\\",
                    \\"isArray\\": false,
                    \\"type\\": \\"AWSDateTime\\",
                    \\"isRequired\\": false,
                    \\"attributes\\": [],
                    \\"isReadOnly\\": true
                },
                \\"updatedAt\\": {
                    \\"name\\": \\"updatedAt\\",
                    \\"isArray\\": false,
                    \\"type\\": \\"AWSDateTime\\",
                    \\"isRequired\\": false,
                    \\"attributes\\": [],
                    \\"isReadOnly\\": true
                },
                \\"postCommentsCustomPostId\\": {
                    \\"name\\": \\"postCommentsCustomPostId\\",
                    \\"isArray\\": false,
                    \\"type\\": \\"ID\\",
                    \\"isRequired\\": false,
                    \\"attributes\\": []
                },
                \\"postCommentsTitle\\": {
                    \\"name\\": \\"postCommentsTitle\\",
                    \\"isArray\\": false,
                    \\"type\\": \\"String\\",
                    \\"isRequired\\": false,
                    \\"attributes\\": []
                }
            },
            \\"syncable\\": true,
            \\"pluralName\\": \\"Comments\\",
            \\"attributes\\": [
                {
                    \\"type\\": \\"model\\",
                    \\"properties\\": {}
                },
                {
                    \\"type\\": \\"key\\",
                    \\"properties\\": {
                        \\"fields\\": [
                            \\"customCommentId\\",
                            \\"content\\"
                        ]
                    }
                }
            ]
        }
    },
    \\"enums\\": {},
    \\"nonModels\\": {},
    \\"version\\": \\"290446a865c94f062804b805f754005d\\"
};"
`;

exports[`Metadata visitor for custom PK support relation metadata for hasMany & belongsTo when custom PK is enabled should generate correct metadata in ts 1`] = `
"import { Schema } from \\"@aws-amplify/datastore\\";

export const schema: Schema = {
    \\"models\\": {
        \\"Post\\": {
            \\"name\\": \\"Post\\",
            \\"fields\\": {
                \\"customPostId\\": {
                    \\"name\\": \\"customPostId\\",
                    \\"isArray\\": false,
                    \\"type\\": \\"ID\\",
                    \\"isRequired\\": true,
                    \\"attributes\\": []
                },
                \\"title\\": {
                    \\"name\\": \\"title\\",
                    \\"isArray\\": false,
                    \\"type\\": \\"String\\",
                    \\"isRequired\\": true,
                    \\"attributes\\": []
                },
                \\"comments\\": {
                    \\"name\\": \\"comments\\",
                    \\"isArray\\": true,
                    \\"type\\": {
                        \\"model\\": \\"Comment\\"
                    },
                    \\"isRequired\\": false,
                    \\"attributes\\": [],
                    \\"isArrayNullable\\": true,
                    \\"association\\": {
                        \\"connectionType\\": \\"HAS_MANY\\",
                        \\"associatedWith\\": \\"postCommentsCustomPostId\\"
                    }
                },
                \\"createdAt\\": {
                    \\"name\\": \\"createdAt\\",
                    \\"isArray\\": false,
                    \\"type\\": \\"AWSDateTime\\",
                    \\"isRequired\\": false,
                    \\"attributes\\": [],
                    \\"isReadOnly\\": true
                },
                \\"updatedAt\\": {
                    \\"name\\": \\"updatedAt\\",
                    \\"isArray\\": false,
                    \\"type\\": \\"AWSDateTime\\",
                    \\"isRequired\\": false,
                    \\"attributes\\": [],
                    \\"isReadOnly\\": true
                }
            },
            \\"syncable\\": true,
            \\"pluralName\\": \\"Posts\\",
            \\"attributes\\": [
                {
                    \\"type\\": \\"model\\",
                    \\"properties\\": {}
                },
                {
                    \\"type\\": \\"key\\",
                    \\"properties\\": {
                        \\"fields\\": [
                            \\"customPostId\\",
                            \\"title\\"
                        ]
                    }
                }
            ]
        },
        \\"Comment\\": {
            \\"name\\": \\"Comment\\",
            \\"fields\\": {
                \\"customCommentId\\": {
                    \\"name\\": \\"customCommentId\\",
                    \\"isArray\\": false,
                    \\"type\\": \\"ID\\",
                    \\"isRequired\\": true,
                    \\"attributes\\": []
                },
                \\"content\\": {
                    \\"name\\": \\"content\\",
                    \\"isArray\\": false,
                    \\"type\\": \\"String\\",
                    \\"isRequired\\": true,
                    \\"attributes\\": []
                },
                \\"post\\": {
                    \\"name\\": \\"post\\",
                    \\"isArray\\": false,
                    \\"type\\": {
                        \\"model\\": \\"Post\\"
                    },
                    \\"isRequired\\": false,
                    \\"attributes\\": [],
                    \\"association\\": {
                        \\"connectionType\\": \\"BELONGS_TO\\",
                        \\"targetNames\\": [
                            \\"postCommentsCustomPostId\\",
                            \\"postCommentsTitle\\"
                        ]
                    }
                },
                \\"createdAt\\": {
                    \\"name\\": \\"createdAt\\",
                    \\"isArray\\": false,
                    \\"type\\": \\"AWSDateTime\\",
                    \\"isRequired\\": false,
                    \\"attributes\\": [],
                    \\"isReadOnly\\": true
                },
                \\"updatedAt\\": {
                    \\"name\\": \\"updatedAt\\",
                    \\"isArray\\": false,
                    \\"type\\": \\"AWSDateTime\\",
                    \\"isRequired\\": false,
                    \\"attributes\\": [],
                    \\"isReadOnly\\": true
                },
                \\"postCommentsCustomPostId\\": {
                    \\"name\\": \\"postCommentsCustomPostId\\",
                    \\"isArray\\": false,
                    \\"type\\": \\"ID\\",
                    \\"isRequired\\": false,
                    \\"attributes\\": []
                },
                \\"postCommentsTitle\\": {
                    \\"name\\": \\"postCommentsTitle\\",
                    \\"isArray\\": false,
                    \\"type\\": \\"String\\",
                    \\"isRequired\\": false,
                    \\"attributes\\": []
                }
            },
            \\"syncable\\": true,
            \\"pluralName\\": \\"Comments\\",
            \\"attributes\\": [
                {
                    \\"type\\": \\"model\\",
                    \\"properties\\": {}
                },
                {
                    \\"type\\": \\"key\\",
                    \\"properties\\": {
                        \\"fields\\": [
                            \\"customCommentId\\",
                            \\"content\\"
                        ]
                    }
                }
            ]
        }
    },
    \\"enums\\": {},
    \\"nonModels\\": {},
    \\"version\\": \\"290446a865c94f062804b805f754005d\\"
};"
`;

exports[`Metadata visitor for custom PK support relation metadata for hasMany uni when custom PK is enabled should generate correct metadata in js 1`] = `
"export const schema = {
    \\"models\\": {
        \\"Post\\": {
            \\"name\\": \\"Post\\",
            \\"fields\\": {
                \\"id\\": {
                    \\"name\\": \\"id\\",
                    \\"isArray\\": false,
                    \\"type\\": \\"ID\\",
                    \\"isRequired\\": true,
                    \\"attributes\\": []
                },
                \\"title\\": {
                    \\"name\\": \\"title\\",
                    \\"isArray\\": false,
                    \\"type\\": \\"String\\",
                    \\"isRequired\\": true,
                    \\"attributes\\": []
                },
                \\"comments\\": {
                    \\"name\\": \\"comments\\",
                    \\"isArray\\": true,
                    \\"type\\": {
                        \\"model\\": \\"Comment\\"
                    },
                    \\"isRequired\\": false,
                    \\"attributes\\": [],
                    \\"isArrayNullable\\": true,
                    \\"association\\": {
                        \\"connectionType\\": \\"HAS_MANY\\",
                        \\"associatedWith\\": \\"postCommentsId\\"
                    }
                },
                \\"createdAt\\": {
                    \\"name\\": \\"createdAt\\",
                    \\"isArray\\": false,
                    \\"type\\": \\"AWSDateTime\\",
                    \\"isRequired\\": false,
                    \\"attributes\\": [],
                    \\"isReadOnly\\": true
                },
                \\"updatedAt\\": {
                    \\"name\\": \\"updatedAt\\",
                    \\"isArray\\": false,
                    \\"type\\": \\"AWSDateTime\\",
                    \\"isRequired\\": false,
                    \\"attributes\\": [],
                    \\"isReadOnly\\": true
                }
            },
            \\"syncable\\": true,
            \\"pluralName\\": \\"Posts\\",
            \\"attributes\\": [
                {
                    \\"type\\": \\"model\\",
                    \\"properties\\": {}
                },
                {
                    \\"type\\": \\"key\\",
                    \\"properties\\": {
                        \\"fields\\": [
                            \\"id\\",
                            \\"title\\"
                        ]
                    }
                }
            ]
        },
        \\"Comment\\": {
            \\"name\\": \\"Comment\\",
            \\"fields\\": {
                \\"id\\": {
                    \\"name\\": \\"id\\",
                    \\"isArray\\": false,
                    \\"type\\": \\"ID\\",
                    \\"isRequired\\": true,
                    \\"attributes\\": []
                },
                \\"content\\": {
                    \\"name\\": \\"content\\",
                    \\"isArray\\": false,
                    \\"type\\": \\"String\\",
                    \\"isRequired\\": true,
                    \\"attributes\\": []
                },
                \\"createdAt\\": {
                    \\"name\\": \\"createdAt\\",
                    \\"isArray\\": false,
                    \\"type\\": \\"AWSDateTime\\",
                    \\"isRequired\\": false,
                    \\"attributes\\": [],
                    \\"isReadOnly\\": true
                },
                \\"updatedAt\\": {
                    \\"name\\": \\"updatedAt\\",
                    \\"isArray\\": false,
                    \\"type\\": \\"AWSDateTime\\",
                    \\"isRequired\\": false,
                    \\"attributes\\": [],
                    \\"isReadOnly\\": true
                },
                \\"postCommentsId\\": {
                    \\"name\\": \\"postCommentsId\\",
                    \\"isArray\\": false,
                    \\"type\\": \\"ID\\",
                    \\"isRequired\\": false,
                    \\"attributes\\": []
                },
                \\"postCommentsTitle\\": {
                    \\"name\\": \\"postCommentsTitle\\",
                    \\"isArray\\": false,
                    \\"type\\": \\"String\\",
                    \\"isRequired\\": false,
                    \\"attributes\\": []
                }
            },
            \\"syncable\\": true,
            \\"pluralName\\": \\"Comments\\",
            \\"attributes\\": [
                {
                    \\"type\\": \\"model\\",
                    \\"properties\\": {}
                },
                {
                    \\"type\\": \\"key\\",
                    \\"properties\\": {
                        \\"fields\\": [
                            \\"id\\",
                            \\"content\\"
                        ]
                    }
                }
            ]
        }
    },
    \\"enums\\": {},
    \\"nonModels\\": {},
    \\"version\\": \\"e23929793f7dde6f8adbcca0c2cc6ff0\\"
};"
`;

exports[`Metadata visitor for custom PK support relation metadata for hasMany uni when custom PK is enabled should generate correct metadata in ts 1`] = `
"import { Schema } from \\"@aws-amplify/datastore\\";

export const schema: Schema = {
    \\"models\\": {
        \\"Post\\": {
            \\"name\\": \\"Post\\",
            \\"fields\\": {
                \\"id\\": {
                    \\"name\\": \\"id\\",
                    \\"isArray\\": false,
                    \\"type\\": \\"ID\\",
                    \\"isRequired\\": true,
                    \\"attributes\\": []
                },
                \\"title\\": {
                    \\"name\\": \\"title\\",
                    \\"isArray\\": false,
                    \\"type\\": \\"String\\",
                    \\"isRequired\\": true,
                    \\"attributes\\": []
                },
                \\"comments\\": {
                    \\"name\\": \\"comments\\",
                    \\"isArray\\": true,
                    \\"type\\": {
                        \\"model\\": \\"Comment\\"
                    },
                    \\"isRequired\\": false,
                    \\"attributes\\": [],
                    \\"isArrayNullable\\": true,
                    \\"association\\": {
                        \\"connectionType\\": \\"HAS_MANY\\",
                        \\"associatedWith\\": \\"postCommentsId\\"
                    }
                },
                \\"createdAt\\": {
                    \\"name\\": \\"createdAt\\",
                    \\"isArray\\": false,
                    \\"type\\": \\"AWSDateTime\\",
                    \\"isRequired\\": false,
                    \\"attributes\\": [],
                    \\"isReadOnly\\": true
                },
                \\"updatedAt\\": {
                    \\"name\\": \\"updatedAt\\",
                    \\"isArray\\": false,
                    \\"type\\": \\"AWSDateTime\\",
                    \\"isRequired\\": false,
                    \\"attributes\\": [],
                    \\"isReadOnly\\": true
                }
            },
            \\"syncable\\": true,
            \\"pluralName\\": \\"Posts\\",
            \\"attributes\\": [
                {
                    \\"type\\": \\"model\\",
                    \\"properties\\": {}
                },
                {
                    \\"type\\": \\"key\\",
                    \\"properties\\": {
                        \\"fields\\": [
                            \\"id\\",
                            \\"title\\"
                        ]
                    }
                }
            ]
        },
        \\"Comment\\": {
            \\"name\\": \\"Comment\\",
            \\"fields\\": {
                \\"id\\": {
                    \\"name\\": \\"id\\",
                    \\"isArray\\": false,
                    \\"type\\": \\"ID\\",
                    \\"isRequired\\": true,
                    \\"attributes\\": []
                },
                \\"content\\": {
                    \\"name\\": \\"content\\",
                    \\"isArray\\": false,
                    \\"type\\": \\"String\\",
                    \\"isRequired\\": true,
                    \\"attributes\\": []
                },
                \\"createdAt\\": {
                    \\"name\\": \\"createdAt\\",
                    \\"isArray\\": false,
                    \\"type\\": \\"AWSDateTime\\",
                    \\"isRequired\\": false,
                    \\"attributes\\": [],
                    \\"isReadOnly\\": true
                },
                \\"updatedAt\\": {
                    \\"name\\": \\"updatedAt\\",
                    \\"isArray\\": false,
                    \\"type\\": \\"AWSDateTime\\",
                    \\"isRequired\\": false,
                    \\"attributes\\": [],
                    \\"isReadOnly\\": true
                },
                \\"postCommentsId\\": {
                    \\"name\\": \\"postCommentsId\\",
                    \\"isArray\\": false,
                    \\"type\\": \\"ID\\",
                    \\"isRequired\\": false,
                    \\"attributes\\": []
                },
                \\"postCommentsTitle\\": {
                    \\"name\\": \\"postCommentsTitle\\",
                    \\"isArray\\": false,
                    \\"type\\": \\"String\\",
                    \\"isRequired\\": false,
                    \\"attributes\\": []
                }
            },
            \\"syncable\\": true,
            \\"pluralName\\": \\"Comments\\",
            \\"attributes\\": [
                {
                    \\"type\\": \\"model\\",
                    \\"properties\\": {}
                },
                {
                    \\"type\\": \\"key\\",
                    \\"properties\\": {
                        \\"fields\\": [
                            \\"id\\",
                            \\"content\\"
                        ]
                    }
                }
            ]
        }
    },
    \\"enums\\": {},
    \\"nonModels\\": {},
    \\"version\\": \\"e23929793f7dde6f8adbcca0c2cc6ff0\\"
};"
`;

exports[`Metadata visitor for custom PK support relation metadata for hasOne/belongsTo when custom PK is enabled should generate correct metadata in js 1`] = `
"export const schema = {
    \\"models\\": {
        \\"Project\\": {
            \\"name\\": \\"Project\\",
            \\"fields\\": {
                \\"id\\": {
                    \\"name\\": \\"id\\",
                    \\"isArray\\": false,
                    \\"type\\": \\"ID\\",
                    \\"isRequired\\": true,
                    \\"attributes\\": []
                },
                \\"name\\": {
                    \\"name\\": \\"name\\",
                    \\"isArray\\": false,
                    \\"type\\": \\"String\\",
                    \\"isRequired\\": true,
                    \\"attributes\\": []
                },
                \\"team\\": {
                    \\"name\\": \\"team\\",
                    \\"isArray\\": false,
                    \\"type\\": {
                        \\"model\\": \\"Team\\"
                    },
                    \\"isRequired\\": false,
                    \\"attributes\\": [],
                    \\"association\\": {
                        \\"connectionType\\": \\"HAS_ONE\\",
                        \\"associatedWith\\": [
                            \\"project\\"
                        ],
                        \\"targetNames\\": [
                            \\"projectTeamId\\",
                            \\"projectTeamName\\"
                        ]
                    }
                },
                \\"createdAt\\": {
                    \\"name\\": \\"createdAt\\",
                    \\"isArray\\": false,
                    \\"type\\": \\"AWSDateTime\\",
                    \\"isRequired\\": false,
                    \\"attributes\\": [],
                    \\"isReadOnly\\": true
                },
                \\"updatedAt\\": {
                    \\"name\\": \\"updatedAt\\",
                    \\"isArray\\": false,
                    \\"type\\": \\"AWSDateTime\\",
                    \\"isRequired\\": false,
                    \\"attributes\\": [],
                    \\"isReadOnly\\": true
                },
                \\"projectTeamId\\": {
                    \\"name\\": \\"projectTeamId\\",
                    \\"isArray\\": false,
                    \\"type\\": \\"ID\\",
                    \\"isRequired\\": false,
                    \\"attributes\\": []
                },
                \\"projectTeamName\\": {
                    \\"name\\": \\"projectTeamName\\",
                    \\"isArray\\": false,
                    \\"type\\": \\"String\\",
                    \\"isRequired\\": false,
                    \\"attributes\\": []
                }
            },
            \\"syncable\\": true,
            \\"pluralName\\": \\"Projects\\",
            \\"attributes\\": [
                {
                    \\"type\\": \\"model\\",
                    \\"properties\\": {}
                },
                {
                    \\"type\\": \\"key\\",
                    \\"properties\\": {
                        \\"fields\\": [
                            \\"id\\",
                            \\"name\\"
                        ]
                    }
                }
            ]
        },
        \\"Team\\": {
            \\"name\\": \\"Team\\",
            \\"fields\\": {
                \\"id\\": {
                    \\"name\\": \\"id\\",
                    \\"isArray\\": false,
                    \\"type\\": \\"ID\\",
                    \\"isRequired\\": true,
                    \\"attributes\\": []
                },
                \\"name\\": {
                    \\"name\\": \\"name\\",
                    \\"isArray\\": false,
                    \\"type\\": \\"String\\",
                    \\"isRequired\\": true,
                    \\"attributes\\": []
                },
                \\"project\\": {
                    \\"name\\": \\"project\\",
                    \\"isArray\\": false,
                    \\"type\\": {
                        \\"model\\": \\"Project\\"
                    },
                    \\"isRequired\\": false,
                    \\"attributes\\": [],
                    \\"association\\": {
                        \\"connectionType\\": \\"BELONGS_TO\\",
                        \\"targetNames\\": [
                            \\"teamProjectId\\",
                            \\"teamProjectName\\"
                        ]
                    }
                },
                \\"createdAt\\": {
                    \\"name\\": \\"createdAt\\",
                    \\"isArray\\": false,
                    \\"type\\": \\"AWSDateTime\\",
                    \\"isRequired\\": false,
                    \\"attributes\\": [],
                    \\"isReadOnly\\": true
                },
                \\"updatedAt\\": {
                    \\"name\\": \\"updatedAt\\",
                    \\"isArray\\": false,
                    \\"type\\": \\"AWSDateTime\\",
                    \\"isRequired\\": false,
                    \\"attributes\\": [],
                    \\"isReadOnly\\": true
                },
                \\"teamProjectId\\": {
                    \\"name\\": \\"teamProjectId\\",
                    \\"isArray\\": false,
                    \\"type\\": \\"ID\\",
                    \\"isRequired\\": false,
                    \\"attributes\\": []
                },
                \\"teamProjectName\\": {
                    \\"name\\": \\"teamProjectName\\",
                    \\"isArray\\": false,
                    \\"type\\": \\"String\\",
                    \\"isRequired\\": false,
                    \\"attributes\\": []
                }
            },
            \\"syncable\\": true,
            \\"pluralName\\": \\"Teams\\",
            \\"attributes\\": [
                {
                    \\"type\\": \\"model\\",
                    \\"properties\\": {}
                },
                {
                    \\"type\\": \\"key\\",
                    \\"properties\\": {
                        \\"fields\\": [
                            \\"id\\",
                            \\"name\\"
                        ]
                    }
                }
            ]
        }
    },
    \\"enums\\": {},
    \\"nonModels\\": {},
    \\"version\\": \\"e44592ddc9b6514a18674da5baacfe68\\"
};"
`;

exports[`Metadata visitor for custom PK support relation metadata for hasOne/belongsTo when custom PK is enabled should generate correct metadata in ts 1`] = `
"import { Schema } from \\"@aws-amplify/datastore\\";

export const schema: Schema = {
    \\"models\\": {
        \\"Project\\": {
            \\"name\\": \\"Project\\",
            \\"fields\\": {
                \\"id\\": {
                    \\"name\\": \\"id\\",
                    \\"isArray\\": false,
                    \\"type\\": \\"ID\\",
                    \\"isRequired\\": true,
                    \\"attributes\\": []
                },
                \\"name\\": {
                    \\"name\\": \\"name\\",
                    \\"isArray\\": false,
                    \\"type\\": \\"String\\",
                    \\"isRequired\\": true,
                    \\"attributes\\": []
                },
                \\"team\\": {
                    \\"name\\": \\"team\\",
                    \\"isArray\\": false,
                    \\"type\\": {
                        \\"model\\": \\"Team\\"
                    },
                    \\"isRequired\\": false,
                    \\"attributes\\": [],
                    \\"association\\": {
                        \\"connectionType\\": \\"HAS_ONE\\",
                        \\"associatedWith\\": [
                            \\"project\\"
                        ],
                        \\"targetNames\\": [
                            \\"projectTeamId\\",
                            \\"projectTeamName\\"
                        ]
                    }
                },
                \\"createdAt\\": {
                    \\"name\\": \\"createdAt\\",
                    \\"isArray\\": false,
                    \\"type\\": \\"AWSDateTime\\",
                    \\"isRequired\\": false,
                    \\"attributes\\": [],
                    \\"isReadOnly\\": true
                },
                \\"updatedAt\\": {
                    \\"name\\": \\"updatedAt\\",
                    \\"isArray\\": false,
                    \\"type\\": \\"AWSDateTime\\",
                    \\"isRequired\\": false,
                    \\"attributes\\": [],
                    \\"isReadOnly\\": true
                },
                \\"projectTeamId\\": {
                    \\"name\\": \\"projectTeamId\\",
                    \\"isArray\\": false,
                    \\"type\\": \\"ID\\",
                    \\"isRequired\\": false,
                    \\"attributes\\": []
                },
                \\"projectTeamName\\": {
                    \\"name\\": \\"projectTeamName\\",
                    \\"isArray\\": false,
                    \\"type\\": \\"String\\",
                    \\"isRequired\\": false,
                    \\"attributes\\": []
                }
            },
            \\"syncable\\": true,
            \\"pluralName\\": \\"Projects\\",
            \\"attributes\\": [
                {
                    \\"type\\": \\"model\\",
                    \\"properties\\": {}
                },
                {
                    \\"type\\": \\"key\\",
                    \\"properties\\": {
                        \\"fields\\": [
                            \\"id\\",
                            \\"name\\"
                        ]
                    }
                }
            ]
        },
        \\"Team\\": {
            \\"name\\": \\"Team\\",
            \\"fields\\": {
                \\"id\\": {
                    \\"name\\": \\"id\\",
                    \\"isArray\\": false,
                    \\"type\\": \\"ID\\",
                    \\"isRequired\\": true,
                    \\"attributes\\": []
                },
                \\"name\\": {
                    \\"name\\": \\"name\\",
                    \\"isArray\\": false,
                    \\"type\\": \\"String\\",
                    \\"isRequired\\": true,
                    \\"attributes\\": []
                },
                \\"project\\": {
                    \\"name\\": \\"project\\",
                    \\"isArray\\": false,
                    \\"type\\": {
                        \\"model\\": \\"Project\\"
                    },
                    \\"isRequired\\": false,
                    \\"attributes\\": [],
                    \\"association\\": {
                        \\"connectionType\\": \\"BELONGS_TO\\",
                        \\"targetNames\\": [
                            \\"teamProjectId\\",
                            \\"teamProjectName\\"
                        ]
                    }
                },
                \\"createdAt\\": {
                    \\"name\\": \\"createdAt\\",
                    \\"isArray\\": false,
                    \\"type\\": \\"AWSDateTime\\",
                    \\"isRequired\\": false,
                    \\"attributes\\": [],
                    \\"isReadOnly\\": true
                },
                \\"updatedAt\\": {
                    \\"name\\": \\"updatedAt\\",
                    \\"isArray\\": false,
                    \\"type\\": \\"AWSDateTime\\",
                    \\"isRequired\\": false,
                    \\"attributes\\": [],
                    \\"isReadOnly\\": true
                },
                \\"teamProjectId\\": {
                    \\"name\\": \\"teamProjectId\\",
                    \\"isArray\\": false,
                    \\"type\\": \\"ID\\",
                    \\"isRequired\\": false,
                    \\"attributes\\": []
                },
                \\"teamProjectName\\": {
                    \\"name\\": \\"teamProjectName\\",
                    \\"isArray\\": false,
                    \\"type\\": \\"String\\",
                    \\"isRequired\\": false,
                    \\"attributes\\": []
                }
            },
            \\"syncable\\": true,
            \\"pluralName\\": \\"Teams\\",
            \\"attributes\\": [
                {
                    \\"type\\": \\"model\\",
                    \\"properties\\": {}
                },
                {
                    \\"type\\": \\"key\\",
                    \\"properties\\": {
                        \\"fields\\": [
                            \\"id\\",
                            \\"name\\"
                        ]
                    }
                }
            ]
        }
    },
    \\"enums\\": {},
    \\"nonModels\\": {},
    \\"version\\": \\"e44592ddc9b6514a18674da5baacfe68\\"
};"
`;
